C:\Users\bluef\source\Terminal-Trader\src\main\java\tetrad\Achievements.java
C:\Users\bluef\source\Terminal-Trader\src\main\java\tetrad\Alert.java
C:\Users\bluef\source\Terminal-Trader\src\main\java\tetrad\Calendar.java
C:\Users\bluef\source\Terminal-Trader\src\main\java\tetrad\Game.java
C:\Users\bluef\source\Terminal-Trader\src\main\java\tetrad\InitException.java
C:\Users\bluef\source\Terminal-Trader\src\main\java\tetrad\InvalidSelectionException.java
C:\Users\bluef\source\Terminal-Trader\src\main\java\tetrad\Log.java
C:\Users\bluef\source\Terminal-Trader\src\main\java\tetrad\Main.java
C:\Users\bluef\source\Terminal-Trader\src\main\java\tetrad\Market.java
C:\Users\bluef\source\Terminal-Trader\src\main\java\tetrad\MiniGames.java
C:\Users\bluef\source\Terminal-Trader\src\main\java\tetrad\Mutil.java
C:\Users\bluef\source\Terminal-Trader\src\main\java\tetrad\News.java
C:\Users\bluef\source\Terminal-Trader\src\main\java\tetrad\Portfolio.java
C:\Users\bluef\source\Terminal-Trader\src\main\java\tetrad\SoundPlayer.java
C:\Users\bluef\source\Terminal-Trader\src\main\java\tetrad\Stock.java
C:\Users\bluef\source\Terminal-Trader\src\main\java\tetrad\Transaction.java
C:\Users\bluef\source\Terminal-Trader\src\main\java\tetrad\User.java
